[    0.000000] Initializing cgroup subsys cpuset
[    0.000000] Initializing cgroup subsys cpu
[    0.000000] Initializing cgroup subsys cpuacct
[    0.000000] Linux version 4.4.0-83-generic (buildd@lgw01-29) (gcc version 5.4.0 20160609 (Ubuntu 5.4.0-6ubuntu1~16.04.4) ) #106-Ubuntu SMP Mon Jun 26 17:54:43 UTC 2017 (Ubuntu 4.4.0-83.106-generic 4.4.70)
[    0.000000] Command line: BOOT_IMAGE=/boot/vmlinuz-4.4.0-83-generic root=UUID=4e37e810-0a7b-4c2f-aa1a-5eb6bc538643 ro console=tty1 console=ttyS0
[    0.000000] KERNEL supported cpus:
[    0.000000]   Intel GenuineIntel
[    0.000000]   AMD AuthenticAMD
[    0.000000]   Centaur CentaurHauls
[    0.000000] x86/fpu: xstate_offset[2]:  576, xstate_sizes[2]:  256
[    0.000000] x86/fpu: Supporting XSAVE feature 0x01: 'x87 floating point registers'
[    0.000000] x86/fpu: Supporting XSAVE feature 0x02: 'SSE registers'
[    0.000000] x86/fpu: Supporting XSAVE feature 0x04: 'AVX registers'
[    0.000000] x86/fpu: Enabled xstate features 0x7, context size is 832 bytes, using 'standard' format.
[    0.000000] x86/fpu: Using 'lazy' FPU context switches.
[    0.000000] e820: BIOS-provided physical RAM map:
[    0.000000] BIOS-e820: [mem 0x0000000000000000-0x000000000009fbff] usable
[    0.000000] BIOS-e820: [mem 0x000000000009fc00-0x000000000009ffff] reserved
[    0.000000] BIOS-e820: [mem 0x00000000000f0000-0x00000000000fffff] reserved
[    0.000000] BIOS-e820: [mem 0x0000000000100000-0x000000007ffeffff] usable
[    0.000000] BIOS-e820: [mem 0x000000007fff0000-0x000000007fffffff] ACPI data
[    0.000000] BIOS-e820: [mem 0x00000000fec00000-0x00000000fec00fff] reserved
[    0.000000] BIOS-e820: [mem 0x00000000fee00000-0x00000000fee00fff] reserved
[    0.000000] BIOS-e820: [mem 0x00000000fffc0000-0x00000000ffffffff] reserved
[    0.000000] NX (Execute Disable) protection: active
[    0.000000] SMBIOS 2.5 present.
[    0.000000] Hypervisor detected: KVM
[    0.000000] e820: last_pfn = 0x7fff0 max_arch_pfn = 0x400000000
[    0.000000] MTRR: Disabled
[    0.000000] x86/PAT: MTRRs disabled, skipping PAT initialization too.
[    0.000000] x86/PAT: Configuration [0-7]: WB  WT  UC- UC  WB  WT  UC- UC  
[    0.000000] CPU MTRRs all blank - virtualized system.
[    0.000000] found SMP MP-table at [mem 0x0009fff0-0x0009ffff] mapped at [ffff88000009fff0]
[    0.000000] Scanning 1 areas for low memory corruption
[    0.000000] RAMDISK: [mem 0x36238000-0x37113fff]
[    0.000000] ACPI: Early table checksum verification disabled
[    0.000000] ACPI: RSDP 0x00000000000E0000 000024 (v02 VBOX  )
[    0.000000] ACPI: XSDT 0x000000007FFF0030 00003C (v01 VBOX   VBOXXSDT 00000001 ASL  00000061)
[    0.000000] ACPI: FACP 0x000000007FFF00F0 0000F4 (v04 VBOX   VBOXFACP 00000001 ASL  00000061)
[    0.000000] ACPI: DSDT 0x000000007FFF0470 0021C8 (v02 VBOX   VBOXBIOS 00000002 INTL 20100528)
[    0.000000] ACPI: FACS 0x000000007FFF0200 000040
[    0.000000] ACPI: FACS 0x000000007FFF0200 000040
[    0.000000] ACPI: APIC 0x000000007FFF0240 00005C (v02 VBOX   VBOXAPIC 00000001 ASL  00000061)
[    0.000000] ACPI: SSDT 0x000000007FFF02A0 0001CC (v01 VBOX   VBOXCPUT 00000002 INTL 20100528)
[    0.000000] No NUMA configuration found
[    0.000000] Faking a node at [mem 0x0000000000000000-0x000000007ffeffff]
[    0.000000] NODE_DATA(0) allocated [mem 0x7ffeb000-0x7ffeffff]
[    0.000000] kvm-clock: Using msrs 4b564d01 and 4b564d00
[    0.000000] kvm-clock: cpu 0, msr 0:7ffe3001, primary cpu clock
[    0.000000] kvm-clock: using sched offset of 3656502240 cycles
[    0.000000] clocksource: kvm-clock: mask: 0xffffffffffffffff max_cycles: 0x1cd42e4dffb, max_idle_ns: 881590591483 ns
[    0.000000] Zone ranges:
[    0.000000]   DMA      [mem 0x0000000000001000-0x0000000000ffffff]
[    0.000000]   DMA32    [mem 0x0000000001000000-0x000000007ffeffff]
[    0.000000]   Normal   empty
[    0.000000]   Device   empty
[    0.000000] Movable zone start for each node
[    0.000000] Early memory node ranges
[    0.000000]   node   0: [mem 0x0000000000001000-0x000000000009efff]
[    0.000000]   node   0: [mem 0x0000000000100000-0x000000007ffeffff]
[    0.000000] Initmem setup node 0 [mem 0x0000000000001000-0x000000007ffeffff]
[    0.000000] ACPI: PM-Timer IO Port: 0x4008
[    0.000000] IOAPIC[0]: apic_id 2, version 32, address 0xfec00000, GSI 0-23
[    0.000000] ACPI: INT_SRC_OVR (bus 0 bus_irq 0 global_irq 2 dfl dfl)
[    0.000000] ACPI: INT_SRC_OVR (bus 0 bus_irq 9 global_irq 9 high level)
[    0.000000] Using ACPI (MADT) for SMP configuration information
[    0.000000] smpboot: Allowing 2 CPUs, 0 hotplug CPUs
[    0.000000] PM: Registered nosave memory: [mem 0x00000000-0x00000fff]
[    0.000000] PM: Registered nosave memory: [mem 0x0009f000-0x0009ffff]
[    0.000000] PM: Registered nosave memory: [mem 0x000a0000-0x000effff]
[    0.000000] PM: Registered nosave memory: [mem 0x000f0000-0x000fffff]
[    0.000000] e820: [mem 0x80000000-0xfebfffff] available for PCI devices
[    0.000000] Booting paravirtualized kernel on KVM
[    0.000000] clocksource: refined-jiffies: mask: 0xffffffff max_cycles: 0xffffffff, max_idle_ns: 7645519600211568 ns
[    0.000000] setup_percpu: NR_CPUS:512 nr_cpumask_bits:512 nr_cpu_ids:2 nr_node_ids:1
[    0.000000] PERCPU: Embedded 33 pages/cpu @ffff88007fc00000 s98264 r8192 d28712 u1048576
[    0.000000] PV qspinlock hash table entries: 256 (order: 0, 4096 bytes)
[    0.000000] Built 1 zonelists in Node order, mobility grouping on.  Total pages: 515961
[    0.000000] Policy zone: DMA32
[    0.000000] Kernel command line: BOOT_IMAGE=/boot/vmlinuz-4.4.0-83-generic root=UUID=4e37e810-0a7b-4c2f-aa1a-5eb6bc538643 ro console=tty1 console=ttyS0
[    0.000000] PID hash table entries: 4096 (order: 3, 32768 bytes)
[    0.000000] Memory: 2029552K/2096696K available (8469K kernel code, 1294K rwdata, 3984K rodata, 1488K init, 1316K bss, 67144K reserved, 0K cma-reserved)
[    0.000000] SLUB: HWalign=64, Order=0-3, MinObjects=0, CPUs=2, Nodes=1
[    0.000000] Hierarchical RCU implementation.
[    0.000000] 	Build-time adjustment of leaf fanout to 64.
[    0.000000] 	RCU restricting CPUs from NR_CPUS=512 to nr_cpu_ids=2.
[    0.000000] RCU: Adjusting geometry for rcu_fanout_leaf=64, nr_cpu_ids=2
[    0.000000] NR_IRQS:33024 nr_irqs:440 16
[    0.000000] Console: colour VGA+ 80x25
[    0.000000] console [tty1] enabled
[    0.000000] console [ttyS0] enabled
[    0.000000] tsc: Detected 2294.770 MHz processor
[    2.732366] Calibrating delay loop (skipped) preset value.. 4589.54 BogoMIPS (lpj=9179080)
[    2.759376] pid_max: default: 32768 minimum: 301
[    2.867638] ACPI: Core revision 20150930
[    2.922969] ACPI: 2 ACPI AML tables successfully acquired and loaded
[    3.018810] Security Framework initialized
[    3.022250] Yama: becoming mindful.
[    3.073308] AppArmor: AppArmor initialized
[    3.146644] Dentry cache hash table entries: 262144 (order: 9, 2097152 bytes)
[    3.155121] Inode-cache hash table entries: 131072 (order: 8, 1048576 bytes)
[    3.206180] Mount-cache hash table entries: 4096 (order: 3, 32768 bytes)
[    3.222550] Mountpoint-cache hash table entries: 4096 (order: 3, 32768 bytes)
[    3.254045] Initializing cgroup subsys io
[    3.303871] Initializing cgroup subsys memory
[    3.371354] Initializing cgroup subsys devices
[    3.399456] Initializing cgroup subsys freezer
[    3.479600] Initializing cgroup subsys net_cls
[    3.491731] Initializing cgroup subsys perf_event
[    3.575068] Initializing cgroup subsys net_prio
[    3.630393] Initializing cgroup subsys hugetlb
[    3.647714] Initializing cgroup subsys pids
[    3.659865] CPU: Physical Processor ID: 0
[    3.677953] CPU: Processor Core ID: 0
[    3.679142] mce: CPU supports 0 MCE banks
[    3.711976] Last level iTLB entries: 4KB 512, 2MB 8, 4MB 8
[    3.722280] Last level dTLB entries: 4KB 512, 2MB 32, 4MB 32, 1GB 0
[    3.734630] Freeing SMP alternatives memory: 32K (ffffffff820b9000 - ffffffff820c1000)
[    3.814330] ftrace: allocating 32129 entries in 126 pages
[    3.885950] smpboot: APIC(0) Converting physical 0 to logical package 0
[    3.899378] smpboot: Max logical packages: 1
[    3.995014] x2apic enabled
[    4.012773] Switched APIC routing to physical x2apic.
[    4.127479] ..TIMER: vector=0x30 apic1=0 pin1=2 apic2=-1 pin2=-1
[    4.385433] smpboot: CPU0: Intel(R) Core(TM) i7-3615QM CPU @ 2.30GHz (family: 0x6, model: 0x3a, stepping: 0x9)
[    4.523263] Performance Events: unsupported p6 CPU model 58 no PMU driver, software events only.
[    4.560819] KVM setup paravirtual spinlock
[    4.648940] x86: Booting SMP configuration:
[    4.655819] .... node  #0, CPUs:      #1
[    4.678752] kvm-clock: cpu 1, msr 0:7ffe3041, secondary cpu clock
[    4.750469] mce: CPU supports 0 MCE banks
[    4.874234] x86: Booted up 1 node, 2 CPUs
[    4.959793] smpboot: Total of 2 processors activated (9179.08 BogoMIPS)
[    5.081071] devtmpfs: initialized
[    5.120261] evm: security.selinux
[    5.132074] evm: security.SMACK64
[    5.209053] evm: security.SMACK64EXEC
[    5.239395] evm: security.SMACK64TRANSMUTE
[    5.333738] evm: security.SMACK64MMAP
[    5.394236] evm: security.ima
[    5.431850] evm: security.capability
[    5.457378] clocksource: jiffies: mask: 0xffffffff max_cycles: 0xffffffff, max_idle_ns: 7645041785100000 ns
[    5.509993] futex hash table entries: 512 (order: 3, 32768 bytes)
[    5.542496] pinctrl core: initialized pinctrl subsystem
[    5.581916] RTC time:  5:28:09, date: 07/21/17
[    5.668656] NET: Registered protocol family 16
[    5.701310] cpuidle: using governor ladder
[    5.780571] cpuidle: using governor menu
[    5.858693] PCCT header not found.
[    5.912957] ACPI: bus type PCI registered
[    5.913879] acpiphp: ACPI Hot Plug PCI Controller Driver version: 0.5
[    5.928792] PCI: Using configuration type 1 for base access
[    6.058813] ACPI: Added _OSI(Module Device)
[    6.119229] ACPI: Added _OSI(Processor Device)
[    6.217542] ACPI: Added _OSI(3.0 _SCP Extensions)
[    6.281642] ACPI: Added _OSI(Processor Aggregator Device)
[    6.357637] ACPI: Executed 1 blocks of module-level executable AML code
[    6.490472] ACPI: Interpreter enabled
[    6.520014] ACPI: (supports S0 S5)
[    6.521170] ACPI: Using IOAPIC for interrupt routing
[    6.563738] PCI: Using host bridge windows from ACPI; if necessary, use "pci=nocrs" and report a bug
[    6.606303] ACPI: PCI Root Bridge [PCI0] (domain 0000 [bus 00-ff])
[    6.659335] acpi PNP0A03:00: _OSC: OS supports [ASPM ClockPM Segments MSI]
[    6.713611] acpi PNP0A03:00: _OSC failed (AE_NOT_FOUND); disabling ASPM
[    6.732718] acpi PNP0A03:00: fail to add MMCONFIG information, can't access extended PCI configuration space under this bridge.
[    6.833118] PCI host bridge to bus 0000:00
[    6.870619] pci_bus 0000:00: root bus resource [io  0x0000-0x0cf7 window]
[    7.008083] pci_bus 0000:00: root bus resource [io  0x0d00-0xffff window]
[    7.021662] pci_bus 0000:00: root bus resource [mem 0x000a0000-0x000bffff window]
[    7.051184] pci_bus 0000:00: root bus resource [mem 0x80000000-0xffdfffff window]
[    7.191777] pci_bus 0000:00: root bus resource [bus 00-ff]
[    7.294299] pci 0000:00:01.1: legacy IDE quirk: reg 0x10: [io  0x01f0-0x01f7]
[    7.349355] pci 0000:00:01.1: legacy IDE quirk: reg 0x14: [io  0x03f6]
[    7.390858] pci 0000:00:01.1: legacy IDE quirk: reg 0x18: [io  0x0170-0x0177]
[    7.505524] pci 0000:00:01.1: legacy IDE quirk: reg 0x1c: [io  0x0376]
[    7.589178] pci 0000:00:07.0: quirk: [io  0x4000-0x403f] claimed by PIIX4 ACPI
[    7.676480] pci 0000:00:07.0: quirk: [io  0x4100-0x410f] claimed by PIIX4 SMB
[    7.709043] ACPI: PCI Interrupt Link [LNKA] (IRQs 5 9 10 *11)
[    7.748944] ACPI: PCI Interrupt Link [LNKB] (IRQs 5 9 10 *11)
[    7.812071] ACPI: PCI Interrupt Link [LNKC] (IRQs 5 9 *10 11)
[    7.837265] ACPI: PCI Interrupt Link [LNKD] (IRQs 5 *9 10 11)
[    7.935394] ACPI: Enabled 2 GPEs in block 00 to 07
[    7.960720] vgaarb: setting as boot device: PCI:0000:00:02.0
[    7.981968] vgaarb: device added: PCI:0000:00:02.0,decodes=io+mem,owns=io+mem,locks=none
[    8.003694] vgaarb: loaded
[    8.016827] vgaarb: bridge control possible 0000:00:02.0
[    8.121545] SCSI subsystem initialized
[    8.149848] ACPI: bus type USB registered
[    8.244012] usbcore: registered new interface driver usbfs
[    8.339349] usbcore: registered new interface driver hub
[    8.350168] usbcore: registered new device driver usb
[    8.379048] PCI: Using ACPI for IRQ routing
[    8.403011] NetLabel: Initializing
[    8.477850] NetLabel:  domain hash size = 128
[    8.566535] NetLabel:  protocols = UNLABELED CIPSOv4
[    8.677021] NetLabel:  unlabeled traffic allowed by default
[    8.679666] amd_nb: Cannot enumerate AMD northbridges
[    8.775805] clocksource: Switched to clocksource kvm-clock
[    8.825722] AppArmor: AppArmor Filesystem Enabled
[    8.892134] pnp: PnP ACPI init
[    8.963032] pnp: PnP ACPI: found 3 devices
[    9.015928] clocksource: acpi_pm: mask: 0xffffff max_cycles: 0xffffff, max_idle_ns: 2085701024 ns
[    9.023359] NET: Registered protocol family 2
[    9.031907] TCP established hash table entries: 16384 (order: 5, 131072 bytes)
[    9.203012] TCP bind hash table entries: 16384 (order: 6, 262144 bytes)
[    9.222450] TCP: Hash tables configured (established 16384 bind 16384)
[    9.374476] UDP hash table entries: 1024 (order: 3, 32768 bytes)
[    9.472779] UDP-Lite hash table entries: 1024 (order: 3, 32768 bytes)
[    9.637328] NET: Registered protocol family 1
[    9.712693] pci 0000:00:00.0: Limiting direct PCI/PCI transfers
[    9.813139] pci 0000:00:01.0: Activating ISA DMA hang workarounds
[    9.914978] Unpacking initramfs...
[   10.183798] Freeing initrd memory: 15216K (ffff880036238000 - ffff880037114000)
[   10.667808] RAPL PMU detected, API unit is 2^-32 Joules, 3 fixed counters 10737418240 ms ovfl timer
[   10.960919] hw unit of domain pp0-core 2^-0 Joules
[   11.048307] hw unit of domain package 2^-0 Joules
[   11.065041] hw unit of domain pp1-gpu 2^-0 Joules
[   11.087068] platform rtc_cmos: registered platform RTC device (no PNP device found)
[   11.115900] Scanning for low memory corruption every 60 seconds
[   11.233284] audit: initializing netlink subsys (disabled)
[   11.322932] audit: type=2000 audit(1500614891.814:1): initialized
[   11.429640] Initialise system trusted keyring
[   11.600754] HugeTLB registered 2 MB page size, pre-allocated 0 pages
[   11.683243] zbud: loaded
[   11.702322] VFS: Disk quotas dquot_6.6.0
[   11.772106] VFS: Dquot-cache hash table entries: 512 (order 0, 4096 bytes)
[   11.792800] squashfs: version 4.0 (2009/01/31) Phillip Lougher
[   11.822928] fuse init (API version 7.23)
[   11.932758] Key type big_key registered
[   11.952529] Allocating IMA MOK and blacklist keyrings.
[   12.014755] Key type asymmetric registered
[   12.030432] Asymmetric key parser 'x509' registered
[   12.036942] Block layer SCSI generic (bsg) driver version 0.4 loaded (major 249)
[   12.050493] io scheduler noop registered
[   12.064078] io scheduler deadline registered (default)
[   12.076644] io scheduler cfq registered
[   12.082318] pci_hotplug: PCI Hot Plug PCI Core version: 0.5
[   12.095183] tsc: Refined TSC clocksource calibration: 2294.569 MHz
[   12.099952] pciehp: PCI Express Hot Plug Controller Driver version: 0.4
[   12.100285] ACPI: AC Adapter [AC] (on-line)
[   12.100339] input: Power Button as /devices/LNXSYSTM:00/LNXPWRBN:00/input/input0
[   12.100342] ACPI: Power Button [PWRF]
[   12.100428] input: Sleep Button as /devices/LNXSYSTM:00/LNXSLPBN:00/input/input1
[   12.100430] ACPI: Sleep Button [SLPF]
[   12.141264] ACPI: Battery Slot [BAT0] (battery present)
[   12.141299] GHES: HEST is not enabled!
[   12.159918] Serial: 8250/16550 driver, 32 ports, IRQ sharing enabled
[   12.208062] 00:02: ttyS0 at I/O 0x3f8 (irq = 4, base_baud = 115200) is a 16550A
[   12.218700] Linux agpgart interface v0.103
[   12.231091] loop: module loaded
[   12.231955] scsi host0: ata_piix
[   12.232030] scsi host1: ata_piix
[   12.232083] ata1: PATA max UDMA/33 cmd 0x1f0 ctl 0x3f6 bmdma 0xd000 irq 14
[   12.232084] ata2: PATA max UDMA/33 cmd 0x170 ctl 0x376 bmdma 0xd008 irq 15
[   12.232225] libphy: Fixed MDIO Bus: probed
[   12.232229] tun: Universal TUN/TAP device driver, 1.6
[   12.232229] tun: (C) 1999-2004 Max Krasnyansky <maxk@qualcomm.com>
[   12.232793] PPP generic driver version 2.4.2
[   12.232855] ehci_hcd: USB 2.0 'Enhanced' Host Controller (EHCI) Driver
[   12.232859] ehci-pci: EHCI PCI platform driver
[   12.232874] ehci-platform: EHCI generic platform driver
[   12.232883] ohci_hcd: USB 1.1 'Open' Host Controller (OHCI) Driver
[   12.232886] ohci-pci: OHCI PCI platform driver
[   12.232894] ohci-platform: OHCI generic platform driver
[   12.232901] uhci_hcd: USB Universal Host Controller Interface driver
[   12.232961] i8042: PNP: PS/2 Controller [PNP0303:PS2K,PNP0f03:PS2M] at 0x60,0x64 irq 1,12
[   12.233626] serio: i8042 KBD port at 0x60,0x64 irq 1
[   12.233632] serio: i8042 AUX port at 0x60,0x64 irq 12
[   12.233876] mousedev: PS/2 mouse device common for all mice
[   12.234389] input: AT Translated Set 2 keyboard as /devices/platform/i8042/serio0/input/input2
[   12.234923] rtc_cmos rtc_cmos: rtc core: registered rtc_cmos as rtc0
[   12.235003] rtc_cmos rtc_cmos: alarms up to one day, 114 bytes nvram
[   12.235011] i2c /dev entries driver
[   12.235067] device-mapper: uevent: version 1.0.3
[   12.235167] device-mapper: ioctl: 4.34.0-ioctl (2015-10-28) initialised: dm-devel@redhat.com
[   12.235190] ledtrig-cpu: registered to indicate activity on CPUs
[   12.235563] NET: Registered protocol family 10
[   12.235787] NET: Registered protocol family 17
[   12.235796] Key type dns_resolver registered
[   12.236071] microcode: CPU0 sig=0x306a9, pf=0x2, revision=0x19
[   12.243965] microcode: CPU1 sig=0x306a9, pf=0x2, revision=0x19
[   12.244028] microcode: Microcode Update Driver: v2.01 <tigran@aivazian.fsnet.co.uk>, Peter Oruba
[   12.244197] registered taskstats version 1
[   12.244213] Loading compiled-in X.509 certificates
[   12.244975] Loaded X.509 cert 'Build time autogenerated kernel key: 35105354eb779045e4d9ad793dead39d5ee93f76'
[   12.245001] zswap: loaded using pool lzo/zbud
[   12.247023] Key type trusted registered
[   12.249798] Key type encrypted registered
[   12.249803] AppArmor: AppArmor sha1 policy hashing enabled
[   12.249805] ima: No TPM chip found, activating TPM-bypass!
[   12.249826] evm: HMAC attrs: 0x1
[   12.250139]   Magic number: 9:39:467
[   12.255524] rtc_cmos rtc_cmos: setting system clock to 2017-07-21 05:28:15 UTC (1500614895)
[   12.255687] BIOS EDD facility v0.16 2004-Jun-25, 0 devices found
[   12.255688] EDD information not available.
[   16.208985] clocksource: tsc: mask: 0xffffffffffffffff max_cycles: 0x21132ac1dc4, max_idle_ns: 440795296104 ns
[   16.234708] Freeing unused kernel memory: 1488K (ffffffff81f45000 - ffffffff820b9000)
[   16.303556] Write protecting the kernel read-only data: 14336k
[   16.402424] Freeing unused kernel memory: 1760K (ffff880001848000 - ffff880001a00000)
[   16.695591] Freeing unused kernel memory: 112K (ffff880001de4000 - ffff880001e00000)
Loading, please wait...
starting version[   16.736427] random: systemd-udevd: uninitialized urandom read (16 bytes read, 4 bits of entropy available)
 229
[   16.737208] random: udevadm: uninitialized urandom read (16 bytes read, 4 bits of entropy available)
[   16.737260] random: udevadm: uninitialized urandom read (16 bytes read, 4 bits of entropy available)
[   16.737418] random: udevadm: uninitialized urandom read (16 bytes read, 4 bits of entropy available)
[   16.737475] random: udevadm: uninitialized urandom read (16 bytes read, 4 bits of entropy available)
[   16.737524] random: udevadm: uninitialized urandom read (16 bytes read, 4 bits of entropy available)
[   16.737572] random: udevadm: uninitialized urandom read (16 bytes read, 4 bits of entropy available)
[   16.737663] random: udevadm: uninitialized urandom read (16 bytes read, 4 bits of entropy available)
[   16.737730] random: udevadm: uninitialized urandom read (16 bytes read, 4 bits of entropy available)
[   16.737782] random: udevadm: uninitialized urandom read (16 bytes read, 4 bits of entropy available)
[   18.246692] Fusion MPT base driver 3.04.20
[   18.292485] Copyright (c) 1999-2008 LSI Corporation
[   18.474679] e1000: Intel(R) PRO/1000 Network Driver - version 7.3.21-k8-NAPI
[   18.557490] e1000: Copyright (c) 1999-2006 Intel Corporation.
[   18.673471] input: ImExPS/2 Generic Explorer Mouse as /devices/platform/i8042/serio1/input/input4
[   18.732132] Fusion MPT SPI Host driver 3.04.20
[   18.734542] AVX version of gcm_enc/dec engaged.
[   18.734543] AES CTR mode by8 optimization enabled
[   19.306133] e1000 0000:00:03.0 eth0: (PCI:33MHz:32-bit) 02:09:ed:5e:5b:38
[   19.602670] e1000 0000:00:03.0 eth0: Intel(R) PRO/1000 Network Connection
[   19.856629] e1000 0000:00:03.0 enp0s3: renamed from eth0
[   19.953891] mptbase: ioc0: Initiating bringup
[   20.037773] ioc0: LSI53C1030 A0: Capabilities={Initiator}
[   20.293891] scsi host2: ioc0: LSI53C1030 A0, FwRev=00000000h, Ports=1, MaxQ=256, IRQ=20
[   20.560719] scsi 2:0:0:0: Direct-Access     VBOX     HARDDISK         1.0  PQ: 0 ANSI: 5
[   20.658871] scsi target2:0:0: Beginning Domain Validation
[   20.769246] scsi target2:0:0: Domain Validation skipping write tests
[   20.833559] scsi target2:0:0: Ending Domain Validation
[   20.940719] scsi target2:0:0: asynchronous
[   21.003554] scsi 2:0:1:0: Direct-Access     VBOX     HARDDISK         1.0  PQ: 0 ANSI: 5
[   21.079336] scsi target2:0:1: Beginning Domain Validation
[   21.174280] scsi target2:0:1: Domain Validation skipping write tests
[   21.179358] scsi target2:0:1: Ending Domain Validation
[   21.191709] scsi target2:0:1: asynchronous
[   21.247903] sd 2:0:0:0: [sda] 20971520 512-byte logical blocks: (10.7 GB/10.0 GiB)
[   21.268838] sd 2:0:0:0: Attached scsi generic sg0 type 0
[   21.268994] sd 2:0:0:0: [sda] Write Protect is off
[   21.269189] sd 2:0:0:0: [sda] Incomplete mode parameter data
[   21.269191] sd 2:0:0:0: [sda] Assuming drive cache: write through
[   21.271716]  sda: sda1
[   21.272420] sd 2:0:0:0: [sda] Attached SCSI disk
[   21.697014] floppy0: no floppy controllers found
[   21.697063] work still pending
[   22.344121] sd 2:0:1:0: Attached scsi generic sg1 type 0
[   22.344370] sd 2:0:1:0: [sdb] 20480 512-byte logical blocks: (10.5 MB/10.0 MiB)
[   22.344632] sd 2:0:1:0: [sdb] Write Protect is off
[   22.344778] sd 2:0:1:0: [sdb] Incomplete mode parameter data
[   22.344780] sd 2:0:1:0: [sdb] Assuming drive cache: write through
[   22.349235] sd 2:0:1:0: [sdb] Attached SCSI disk
Begin: Loading e[   24.509023] md: linear personality registered for level -1
ssential drivers[   24.517578] md: multipath personality registered for level -4
 ... [   24.556486] md: raid0 personality registered for level 0
[   24.570086] md: raid1 personality registered for level 1
[   24.676009] raid6: sse2x1   gen()  7589 MB/s
[   24.811819] raid6: sse2x1   xor()  6451 MB/s
[   24.887836] raid6: sse2x2   gen() 10625 MB/s
[   25.039988] raid6: sse2x2   xor()  7607 MB/s
[   25.124112] raid6: sse2x4   gen() 11183 MB/s
[   25.276256] raid6: sse2x4   xor()  9106 MB/s
[   25.351824] raid6: using algorithm sse2x4 gen() 11183 MB/s
[   25.402180] raid6: .... xor() 9106 MB/s, rmw enabled
[   25.516620] raid6: using ssse3x2 recovery algorithm
[   25.574901] xor: automatically using best checksumming function:
[   25.739846]    avx       : 14942.000 MB/sec
[   25.750357] async_tx: api initialized (async)
[   25.776182] md: raid6 personality registered for level 6
[   25.968849] md: raid5 personality registered for level 5
[   26.202046] md: raid4 personality registered for level 4
[   26.327813] md: raid10 personality registered for level 10
done.
Begin: Running /scripts/init-premount ... done.
Begin: Mounting root file system ... Begin: Running /scripts/local-top ... done.
Begin: Running /scripts/local-premount ... [   26.585105] Btrfs loaded
Scanning for Btrfs filesystems
done.
Warning: fsck not present, so skipping root file[   26.681272] EXT4-fs (sda1): mounted filesystem with ordered data mode. Opts: (null)
 system
done.
Begin: Running /scripts/local-bottom ... done.
Begin: Running /scripts/init-bottom ... done.
[   26.950511] systemd[1]: systemd 229 running in system mode. (+PAM +AUDIT +SELINUX +IMA +APPARMOR +SMACK +SYSVINIT +UTMP +LIBCRYPTSETUP +GCRYPT +GNUTLS +ACL +XZ -LZ4 +SECCOMP +BLKID +ELFUTILS +KMOD -IDN)
[   27.144440] systemd[1]: Detected virtualization oracle.
[   27.162332] systemd[1]: Detected architecture x86-64.

Welcome to [1mUbuntu 16.04.2 LTS[0m!

[   27.201393] systemd[1]: Set hostname to <ubuntu-xenial>.
[   27.460138] systemd[1]: Reached target Encrypted Volumes.
[[0;32m  OK  [0m] Reached target Encrypted Volumes.
[   27.496146] systemd[1]: Started Trigger resolvconf update for networkd DNS.
[[0;32m  OK  [0m] Started Trigger resolvconf update for networkd DNS.
[   27.784710] systemd[1]: Created slice User and Session Slice.
[[0;32m  OK  [0m] Created slice User and Session Slice.
[   27.828912] systemd[1]: Started Forward Password Requests to Wall Directory Watch.
[[0;32m  OK  [0m] Started Forward Password Requests to Wall Directory Watch.
[   27.988121] systemd[1]: Listening on LVM2 metadata daemon socket.
[[0;32m  OK  [0m] Listening on LVM2 metadata daemon socket.
[   28.015998] systemd[1]: Reached target User and Group Name Lookups.
[[0;32m  OK  [0m] Reached target User and Group Name Lookups.
[   28.072272] systemd[1]: Listening on Journal Socket.
[[0;32m  OK  [0m] Listening on Journal Socket.
[   28.208422] systemd[1]: Listening on udev Kernel Socket.
[[0;32m  OK  [0m] Listening on udev Kernel Socket.
[   28.440400] systemd[1]: Listening on /dev/initctl Compatibility Named Pipe.
[[0;32m  OK  [0m] Listening on /dev/initctl Compatibility Named Pipe.
[   28.616420] systemd[1]: Listening on udev Control Socket.
[[0;32m  OK  [0m] Listening on udev Control Socket.
[   28.732831] systemd[1]: Created slice System Slice.
[[0;32m  OK  [0m] Created slice System Slice.
[   28.957823] systemd[1]: Reached target Slices.
[[0;32m  OK  [0m] Reached target Slices.
[   29.095954] systemd[1]: Mounting Debug File System...
         Mounting Debug File System...
[   29.130088] systemd[1]: Starting Load Kernel Modules...
[   29.172567] Loading iSCSI transport class v2.0-870.
         Startin[   29.310848] iscsi: registered transport (tcp)
g Load Kernel Mo[   29.411200] random: nonblocking pool is initialized
dules...
[   29.445898] iscsi: registered transport (iser)
[   29.508572] systemd[1]: Starting Uncomplicated firewall...
         Starting Uncomplicated firewall...
[   29.828365] systemd[1]: Starting Create list of required static device nodes for the current kernel...
         Starting Create list of required st... nodes for the current kernel...
[   30.228109] systemd[1]: Starting Set console keymap...
         Starting Set console keymap...
[   30.256099] systemd[1]: Listening on Device-mapper event daemon FIFOs.
[[0;32m  OK  [0m] Listening on Device-mapper event daemon FIFOs.
[   30.424224] systemd[1]: Listening on Syslog Socket.
[[0;32m  OK  [0m] Listening on Syslog Socket.
[   30.584628] systemd[1]: Mounting POSIX Message Queue File System...
         Mounting POSIX Message Queue File System...
[   30.932274] systemd[1]: Reached target Swap.
[[0;32m  OK  [0m] Reached target Swap.
[   31.168573] systemd[1]: Set up automount Arbitrary Executable File Formats File System Automount Point.
[[0;32m  OK  [0m] Set up automount Arbitrary Executab...ats File System Automount Point.
[   31.372123] systemd[1]: Listening on Journal Socket (/dev/log).
[[0;32m  OK  [0m] Listening on Journal Socket (/dev/log).
[   31.428218] systemd[1]: Starting Nameserver information manager...
         Starting Nameserver information manager...
[   31.580645] systemd[1]: Starting Remount Root and Kernel File Systems...
[   31.585177] EXT4-ss (sda1): re-mounted. Opts: (null)
         Starting Remount Root and Kernel File Systems...
[   31.868626] systemd[1]: Created slice system-serial\x2dgetty.slice.
[[0;32m  OK  [0m] Created slice system-serial\x2dgetty.slice.
[   32.083528] systemd[1]: Listening on Journal Audit Socket.
[[0;32m  OK  [0m] Listening on Journal Audit Socket.
[   32.304727] systemd[1]: Listening on LVM2 poll daemon socket.
[[0;32m  OK  [0m] Listening on LVM2 poll daemon socket.
[   32.456137] systemd[1]: Starting Monitoring of LVM2 mirrors, snapshots etc. using dmeventd or progress polling...
         Starting Monitoring of LVM2 mirrors... dmeventd or progress polling...
[   32.548252] systemd[1]: Mounting Huge Pages File System...
         Mounting Huge Pages File System...
[   32.828358] systemd[1]: Starting Journal Service...
         Starting Journal Service...
[   32.849469] systemd[1]: Mounted Huge Pages File System.
[[0;32m  OK  [0m] Mounted Huge Pages File System.
[   33.104371] systemd[1]: Mounted Debug File System.
[[0;32m  OK  [0m] Mounted Debug File System.
[   33.160227] systemd[1]: Mounted POSIX Message Queue File System.
[[0;32m  OK  [0m] Mounted POSIX Message Queue File System.
[   33.212369] systemd[1]: Started Journal Service.
[[0;32m  OK  [0m] Started Journal Service.
[[0;32m  OK  [0m] Started Load Kernel Modules.
[[0;32m  OK  [0m] Started Uncomplicated firewall.
[[0;32m  OK  [0m] Started Create list of required sta...ce nodes for the current kernel.
[[0;32m  OK  [0m] Started Set console keymap.
[[0;32m  OK  [0m] Started Remount Root and Kernel File Systems.
[[0;32m  OK  [0m] Started Nameserver information manager.
[[0;32m  OK  [0m] Started LVM2 metadata daemon.
         Starting Initial cloud-init job (pre-networking)...
         Starting Load/Save Random Seed...
         Starting udev Coldplug all Devices...
         Starting Create Static Device Nodes in /dev...
         Mounting FUSE Control File System...
         Starting Apply Kernel Variables...
         Starting Flush Journal to Persistent Storage...
[[0;32m  OK  [0m] Mounted FUSE Control File System.
[[0;32m  OK  [0m] Started Load/Save Random Seed.
[[0;32m  OK  [0m] Started Monitoring of LVM2 mirrors,...ng dmeventd or progress polling.
[[0;32m  OK  [0m] Started Create Static Device Nodes in /dev.
[[0;32m  OK  [0m] Started Apply Kernel Variables.
[[0;32m  OK  [0m] Started udev Coldplug all Devices.
[[0;32m  OK  [0m] Started Flush Journal to Persistent Storage.
         Starting udev Kernel Device Manager...
[[0;32m  OK  [0m] Started udev Kernel Device Manager.
[[0;32m  OK  [0m] Reached target Local File Systems (Pre).
[[0;32m  OK  [0m] Reached target Local File Systems.
         Starting Create Volatile Files and Directories...
         Starting LSB: AppArmor initialization...
         Starting Set console font and keymap...
         Starting Tell Plymouth To Write Out Runtime Data...
[[0;32m  OK  [0m] Started Dispatch Password Requests to Console Directory Watch.
[[0;32m  OK  [0m] Started Create Volatile Files and Directories.
[[0;32m  OK  [0m] Started Tell Plymouth To Write Out Runtime Data.
[[0;32m  OK  [0m] Found device /dev/ttyS0.
[[0;32m  OK  [0m] Reached target System Time Synchronized.
         Starting Update UTMP about System Boot/Shutdown...
[[0;32m  OK  [0m] Started LSB: AppArmor initialization.
[[0;32m  OK  [0m] Started Update UTMP about System Boot/Shutdown.
[[0;32m  OK  [0m] Found device 82540EM Gigabit Ethern...r (PRO/1000 MT Desktop Adapter).
[   26.865124] cloud-init[445]: Cloud-init v. 0.7.9 running 'init-local' at Fri, 21 Jul 2017 05:28:37 +0000. Up 26.48 seconds.
[[0;32m  OK  [0m] Started Set console font and keymap.
[[0;32m  OK  [0m] Started Initial cloud-init job (pre-networking).
[[0;32m  OK  [0m] Reached target Network (Pre).
[[0;32m  OK  [0m] Started ifup for enp0s3.
         Starting Raise network interfaces...
[[0;32m  OK  [0m] Created slice system-getty.slice.
[[0;32m  OK  [0m] Listening on Load/Save RF Kill Switch Status /dev/rfkill Watch.
[[0;32m  OK  [0m] Started Raise network interfaces.
[[0;32m  OK  [0m] Reached target Network.
         Starting Initial cloud-init job (metadata service crawler)...
[   30.029841] cloud-init[985]: Cloud-init v. 0.7.9 running 'init' at Fri, 21 Jul 2017 05:28:40 +0000. Up 29.75 seconds.
[[0;32m  OK  [0m] Started Initial cloud-init job (metadata service crawler).
[[0;32m  OK  [0m[   30.119800] ] cloud-initReached target System Initialization.[985]: 
ci-info: +++++++++++++++++++++++++++++++++++++Net device info+++++++++++++++++++++++++++++++++++++
[   30.232701] cloud-init[985]: ci-info: +--------+------+---------------------------+---------------+-------+-------------------+
[   30.233117] cloud-init[985]: ci-info: | Device |  Up  |          Address          |      Mask     | Scope |     Hw-Address    |
[[0;32m  OK  [0m] Listening on ACPID Listen Socket.
[   30.233273] cloud-init[985]: ci-info: +--------+------+---------------------------+---------------+-------+-------------------+
[   30.373224] cloud-init[985]: ci-info: |   lo   | True |         127.0.0.1         |   255.0.0.0   |   .   |         .         |
[[0;32m  OK  [0m] Listening on D-Bus System Message Bus Socket.
[   30.373365] cloud-init[985]: ci-info: |   lo   | True |          ::1/128          |       .       |  host |         .         |
[   30.600556] cloud-init[985]: ci-info: | enp0s3 | True |         10.0.2.15         | 255.255.255.0 |   .   | 02:09:ed:5e:5b:38 |
[   30.601019] cloud-init[985]: ci-info: | enp0s3 | True | fe80::9:edff:fe5e:5b38/64 |       .       |  link | 02:09:ed:5e:5b:38 |
[[0;32m  OK  [0m] Started ACPI Events Check.
[   30.601148] cloud-init[985]: ci-info: +--------+------+---------------------------+---------------+-------+-------------------+
[   30.717325] cloud-init[985]: ci-info: ++++++++++++++++++++++++++++Route IPv4 info++++++++++++++++++++++++++++
[[0;32m  OK  [0m] Reached target Paths.
[   30.717481] cloud-init[985]: ci-info: +-------+--------------+----------+---------------+-----------+-------+
[   30.896708] cloud-init[985]: ci-info: | Route | Destination  | Gateway  |    Genmask    | Interface | Flags |
[   30.897152] cloud-init[985]: ci-info: +-------+--------------+----------+---------------+-----------+-------+
         Starting LXD - unix socket.
[   30.897280] cloud-init[985]: ci-info: |   0   |   0.0.0.0    | 10.0.2.2 |    0.0.0.0    |   enp0s3  |   UG  |
[   31.096576] cloud-init[985]: ci-info: |   1   |   10.0.2.0   | 0.0.0.0  | 255.255.255.0 |   enp0s3  |   U   |
[   31.097078] cloud-init[985]: ci-info: |   2   | 192.168.33.0 | 0.0.0.0  | 255.255.255.0 |   enp0s3  |   U   |
         Starting Docker Socket for the API.
[   31.097242] cloud-init[985]: ci-info: +-------+--------------+----------+---------------+-----------+-------+
[[0;32m  OK  [0m] Started Timer to automatically refresh installed snaps.
[[0;32m  OK  [0m] Started Daily apt activities.
[[0;32m  OK  [0m] Listening on UUID daemon activation socket.
         Starting Socket activation for snappy daemon.
[[0;32m  OK  [0m] Started Daily Cleanup of Temporary Directories.
[[0;32m  OK  [0m] Reached target Timers.
[[0;32m  OK  [0m] Reached target Cloud-config availability.
[[0;32m  OK  [0m] Reached target Network is Online.
         Starting iSCSI initiator daemon (iscsid)...
[[0;32m  OK  [0m] Listening on LXD - unix socket.
[[0;32m  OK  [0m] Listening on Docker Socket for the API.
[[0;32m  OK  [0m] Listening on Socket activation for snappy daemon.
[[0;32m  OK  [0m] Reached target Sockets.
[[0;32m  OK  [0m] Reached target Basic System.
[[0;32m  OK  [0m] Started Snappy daemon.
         Starting Auto import assertions from block devices...
[[0;32m  OK  [0m] Started D-Bus System Message Bus.
         Starting Apply the settings specified in cloud-config...
         Starting Accounts Service...
         Starting LSB: Record successful boot for GRUB...
         Starting Docker Application Container Engine...
         Starting System Logging Service...
[[0;32m  OK  [0m] Started Unattended Upgrades Shutdown.
         Starting LSB: MD monitoring daemon...
[[0;32m  OK  [0m] Started ACPI event daemon.
         Starting OpenBSD Secure Shell server...
         Starting Login Service...
[[0;32m  OK  [0m] Started FUSE filesystem for LXC.
[[0;32m  OK  [0m] Started Regular background program processing daemon.
[[0;32m  OK  [0m] Started Deferred execution scheduler.
         Starting /etc/rc.local Compatibility...
         Starting LXD - container startup/shutdown...
[[0;32m  OK  [0m] Started System Logging Service.
[[0;32m  OK  [0m] Started OpenBSD Secure Shell server.
[[0;32m  OK  [0m] Started iSCSI initiator daemon (iscsid).
[[0;32m  OK  [0m] Started Auto import assertions from block devices.
[[0;32m  OK  [0m] Started /etc/rc.local Compatibility.
[   32.340409] cloud-init[1057]: Cloud-init v. 0.7.9 running 'modules:config' at Fri, 21 Jul 2017 05:28:43 +0000. Up 32.21 seconds.
[[0;32m  OK  [0m] Started LXD - container startup/shutdown.
[[0;32m  OK  [0m] Started LSB: Record successful boot for GRUB.
[[0;32m  OK  [0m] Started Apply the settings specified in cloud-config.
[[0;32m  OK  [0m] Started LSB: MD monitoring daemon.
         Starting Authenticate and Authorize Users to Run Privileged Tasks...
         Starting Login to default iSCSI targets...
[[0;32m  OK  [0m] Started Login Service.
[[0;32m  OK  [0m] Started Authenticate and Authorize Users to Run Privileged Tasks.
[[0;32m  OK  [0m] Started Accounts Service.
[[0;32m  OK  [0m] Started Login to default iSCSI targets.
[[0;32m  OK  [0m] Reached target Remote File Systems (Pre).
[[0;32m  OK  [0m] Reached target Remote File Systems.
         Starting LSB: VirtualBox Linux Additions...
         Starting LSB: Set up cgroupfs mounts....
         Starting LSB: daemon to balance interrupts for SMP systems...
         Starting Permit User Sessions...
         Starting LSB: Set the CPU Frequency Scaling governor to "ondemand"...
         Starting LSB: automatic crash report generation...
[[0;32m  OK  [0m] Started LSB: Set up cgroupfs mounts..
[[0;32m  OK  [0m] Started Permit User Sessions.
         Starting Terminate Plymouth Boot Screen...
         Starting Hold until boot process finishes up...
[[0;32m  OK  [0m] Started LSB: VirtualBox Linux Additions.
[[0;32m  OK  [0m] Started LSB: daemon to balance interrupts for SMP systems.
[[0;32m  OK  [0m] Started LSB: Set the CPU Frequency Scaling governor to "ondemand".
[[0;32m  OK  [0m] Started Terminate Plymouth Boot Screen.
[[0;32m  OK  [0m] Started Hold until boot process finishes up.
[[0;32m  OK  [0m] Started Serial Getty on ttyS0.
[[0;32m  OK  [0m] Started Getty on tty1.
[[0;32m  OK  [0m] Reached target Login Prompts.
         Starting Set console scheme...
[[0;32m  OK  [0m] Started LSB: automatic crash report generation.
[[0;32m  OK  [0m] Started Set console scheme.
[[0;32m  OK  [0m] Started Docker Application Container Engine.
[[0;32m  OK  [0m] Reached target Multi-User System.
[[0;32m  OK  [0m] Reached target Graphical Interface.
         Starting Update UTMP about System Runlevel Changes...
         Starting Execute cloud user/final scripts...
[[0;32m  OK  [0m] Started Update UTMP about System Runlevel Changes.
[   34.316530] cloud-init[1381]: Cloud-init v. 0.7.9 running 'modules:final' at Fri, 21 Jul 2017 05:28:45 +0000. Up 34.20 seconds.
[   34.359145] [cloud-init[0;32m  OK  [0m[1381]: ] Cloud-init v. 0.7.9 finished at Fri, 21 Jul 2017 05:28:45 +0000. Datasource DataSourceNoCloud [seed=/dev/sdb][dsmode=net].  Up 34.30 secondsStarted Execute cloud user/final scripts.

[[0;32m  OK  [0m] Reached target Cloud-init target.

Ubuntu 16.04.2 LTS ubuntu-xenial ttyS0

ubuntu-xenial login:          Stopping User Manager for UID 1000...
         Stopping Authenticate and Authorize Users to Run Privl         Stopping LSB: Set the CPU Frequency Scaling governor to "ondemand"...
         Stopping LSB: automatic crash report generation...
         Stopping LSB: MD monitoring daemon...
[[0;32m  OK  [0m] Unmounted /var/lib/docker/aufs.
[[0;32m  OK  [0m] Unmounted /var/lib/lxcfs.
[[0;32m  OK  [0m] Stopped Snappy daemon.
[[0;32m  OK  [0m] Stopped Accounts Service.
[[0;32m  OK  [0m] Stopped System Logging Service.
[[0;32m  OK  [0m] Stopped ACPI event daemon.
[[0;32m  OK  [0m] Stopped OpenBSD Secure Shell server.
[[0;32m  OK  [0m] Stopped Regular background program processing daemon.
[[0;32m  OK  [0m] Stopped Deferred execution scheduler.
[[0;32m  OK  [0m] Stopped Authenticate and Authorize Users to Run Privileged Tasks.
[[0;32m  OK  [0m] Stopped Serial Getty on ttyS0.
[[0;32m  OK  [0m] Stopped Getty on tty1.
[[0;32m  OK  [0m] Stopped User Manager for UID 1000.
[[0;32m  OK  [0m] Stopped Session 4 of user ubuntu.
[[0;32m  OK  [0m] Stopped D-Bus System Message Bus.
[[0;32m  OK  [0m] Stopped LSB: Set up cgroupfs mounts..
[[0;32m  OK  [0m] Stopped Unattended Upgrades Shutdown.
[[0;32m  OK  [0m] Stopped FUSE filesystem for LXC.
[[0;32m  OK  [0m] Stopped LSB: daemon to balance interrupts for SMP systems.
[[0;32m  OK  [0m] Stopped LSB: VirtualBox Linux Additions.
[[0;32m  OK  [0m] Stopped LSB: Set the CPU Frequency Scaling governor to "ondemand".
[[0;32m  OK  [0m] Stopped LXD - container startup/shutdown.
[[0;32m  OK  [0m] Stopped LSB: Record successful boot for GRUB.
[[0;32m  OK  [0m] Stopped LSB: MD monitoring daemon.
[[0;32m  OK  [0m] Stopped LSB: automatic crash report generation.
[[0;32m  OK  [0m] Stopped Docker Application Container Engine.
[[0;32m  OK  [0m] Removed slice User Slice of ubuntu.
         Stopping Login Service...
[[0;32m  OK  [0m] Removed slice system-getty.slice.
[[0;32m  OK  [0m] Stopped /etc/rc.local Compatibility.
[[0;32m  OK  [0m] Removed slice system-serial\x2dgetty.slice.
         Stopping Permit User Sessions...
[[0;32m  OK  [0m] Stopped Login Service.
[[0;32m  OK  [0m] Stopped Permit User Sessions.
[[0;32m  OK  [0m] Stopped target Remote File Systems.
[[0;32m  OK  [0m] Stopped target Remote File Systems (Pre).
         Stopping Login to default iSCSI targets...
[[0;32m  OK  [0m] Stopped target User and Group Name Lookups.
[[0;32m  OK  [0m] Stopped target Basic System.
[[0;32m  OK  [0m] Stopped target Paths.
[[0;32m  OK  [0m] Stopped Dispatch Password Requests to Console Directory Watch.
[[0;32m  OK  [0m] Stopped ACPI Events Check.
[[0;32m  OK  [0m] Stopped Forward Password Requests to Wall Directory Watch.
[[0;32m  OK  [0m] Stopped target Slices.
[[0;32m  OK  [0m] Removed slice User and Session Slice.
[[0;32m  OK  [0m] Stopped target Sockets.
[[0;32m  OK  [0m] Closed ACPID Listen Socket.
[[0;32m  OK  [0m] Closed UUID daemon activation socket.
[[0;32m  OK  [0m] Closed Socket activation for snappy daemon.
[[0;32m  OK  [0m] Closed Syslog Socket.
[[0;32m  OK  [0m] Closed LXD - unix socket.
[[0;32m  OK  [0m] Closed Docker Socket for the API.
[[0;32m  OK  [0m] Closed D-Bus System Message Bus Socket.
[[0;32m  OK  [0m] Stopped target System Initialization.
         Stopping Update UTMP about System Boot/Shutdown...
[[0;32m  OK  [0m] Stopped target Encrypted Volumes.
         Stopping Load/Save Random Seed...
[[0;32m  OK  [0m] Stopped target Swap.
[[0;32m  OK  [0m] Stopped Load/Save Random Seed.
[[0;32m  OK  [0m] Stopped Update UTMP about System Boot/Shutdown.
[[0;32m  OK  [0m] Stopped Login to default iSCSI targets.
         Stopping iSCSI initiator daemon (iscsid)...
[[0;32m  OK  [0m] Stopped Create Volatile Files and Directories.
[[0;32m  OK  [0m] Stopped iSCSI initiator daemon (iscsid).
[[0;32m  OK  [0m] Stopped target Network is Online.
[[0;32m  OK  [0m] Stopped Initial cloud-init job (metadata service crawler).
[[0;32m  OK  [0m] Stopped target Network.
         Stopping Raise network interfaces...
[[0;32m  OK  [0m] Stopped Raise network interfaces.
[[0;32m  OK  [0m] Stopped target Network (Pre).
[[0;32m  OK  [0m] Stopped Initial cloud-init job (pre-networking).
[[0;32m  OK  [0m] Stopped Apply Kernel Variables.
[[0;32m  OK  [0m] Stopped Load Kernel Modules.
[[0;32m  OK  [0m] Stopped target Local File Systems.
         Unmounting /vagrant...
         Unmounting /run/user/1000...
[[0;32m  OK  [0m] Unmounted /vagrant.
[[0;32m  OK  [0m] Unmounted /run/user/1000.
[[0;32m  OK  [0m] Reached target Unmount All Filesystems.
[[0;32m  OK  [0m] Stopped target Local File Systems (Pre).
         Stopping Monitoring of LVM2 mirrors... dmeventd or progress polling...
[[0;32m  OK  [0m] Stopped Create Static Device Nodes in /dev.
[[0;32m  OK  [0m] Stopped Remount Root and Kernel File Systems.
[[0;32m  OK  [0m] Reached target Shutdown.
[ 2017.525582] reboot: Power down